// Jest Snapshot v1, https://goo.gl/fbAQLP

exports[`NetworkInfoHttpService healthy state with NetworkInfoHttpProvider response is an object of current wallet protocol parameters 1`] = `
Object {
  "coinsPerUtxoWord": 34482,
  "maxCollateralInputs": 3,
  "maxTxSize": 16384,
  "maxValueSize": 5000,
  "minFeeCoefficient": 44,
  "minFeeConstant": 155381,
  "minPoolCost": 340000000,
  "poolDeposit": 500000000,
  "protocolVersion": Object {
    "major": 6,
    "minor": 0,
  },
  "stakeKeyDeposit": 2000000,
}
`;

exports[`NetworkInfoHttpService healthy state with NetworkInfoHttpProvider response is an object of genesis parameters 1`] = `
Object {
  "activeSlotsCoefficient": 0.05,
  "epochLength": 432000,
  "maxKesEvolutions": 62,
  "maxLovelaceSupply": 45000000000000000n,
  "networkId": "Testnet",
  "networkMagic": 1097911063,
  "securityParameter": 2160,
  "slotLength": 1,
  "slotsPerKesPeriod": 129600,
  "systemStart": 2019-07-24T20:20:16.000Z,
  "updateQuorum": 5,
}
`;

exports[`NetworkInfoHttpService healthy state with NetworkInfoHttpProvider response is an object of ledger tip 1`] = `
Object {
  "blockNo": 3556390,
  "hash": "332340bfcf47951b4bc8eca51c4e9190d29e2fd6dae30be231ebcdadb2d8c399",
  "slot": 58336266,
}
`;

exports[`NetworkInfoHttpService healthy state with NetworkInfoHttpProvider response is an object of network info 1`] = `
Object {
  "lovelaceSupply": Object {
    "circulating": 69165246561822582n,
    "max": 45000000000000000n,
    "total": 40408479600434778n,
  },
  "network": Object {
    "id": 0,
    "magic": 1097911063,
    "timeSettings": Array [
      Object {
        "epochLength": 21600,
        "fromSlotDate": 2019-07-24T20:20:16.000Z,
        "fromSlotNo": 0,
        "slotLength": 20000,
      },
      Object {
        "epochLength": 432000,
        "fromSlotDate": 2020-07-28T19:20:16.000Z,
        "fromSlotNo": 1598400,
        "slotLength": 1000,
      },
    ],
  },
  "stake": Object {
    "active": 15039823438862518n,
    "live": 69154436284251039n,
  },
}
`;
