// Jest Snapshot v1, https://goo.gl/fbAQLP

exports[`NetworkInfoBuilder queryActiveStake query active stake 1`] = `"15039823438862518"`;

exports[`NetworkInfoBuilder queryCirculatingSupply query circulating supply 1`] = `"42022749185221758"`;

exports[`NetworkInfoBuilder queryCurrentWalletProtocolParams query wallet protocol params from current epoch 1`] = `
Object {
  "coins_per_utxo_size": "34482",
  "collateral_percent": 150,
  "decentralisation": 0,
  "influence": 0.3,
  "key_deposit": "2000000",
  "max_bh_size": 1100,
  "max_block_ex_mem": "80000000",
  "max_block_ex_steps": "40000000000",
  "max_block_size": 98304,
  "max_collateral_inputs": 3,
  "max_epoch": 18,
  "max_tx_ex_mem": "16000000",
  "max_tx_ex_steps": "10000000000",
  "max_tx_size": 16384,
  "max_val_size": "5000",
  "min_fee_a": 44,
  "min_fee_b": 155381,
  "min_pool_cost": "340000000",
  "monetary_expand_rate": 0.003,
  "optimal_pool_count": 500,
  "pool_deposit": "500000000",
  "price_mem": 0.0577,
  "price_step": 0.0000721,
  "protocol_major": 6,
  "protocol_minor": 0,
  "treasury_growth_rate": 0.2,
}
`;

exports[`NetworkInfoBuilder queryLatestEpoch query latest epoch 1`] = `205`;

exports[`NetworkInfoBuilder queryLedgerTip query ledger tip 1`] = `
Object {
  "block_no": 3556390,
  "hash": "332340bfcf47951b4bc8eca51c4e9190d29e2fd6dae30be231ebcdadb2d8c399",
  "slot_no": "58336266",
}
`;

exports[`NetworkInfoBuilder queryTotalSupply query total supply 1`] = `"40408479600434778"`;
