// Jest Snapshot v1, https://goo.gl/fbAQLP

exports[`ogmiosToCore block can translate from allegra block 1`] = `
Object {
  "body": Array [
    Object {
      "auxiliaryData": Object {
        "body": Object {
          "blob": Map {
            2n => Map {
              "list" => Array [
                Map {
                  "int" => 9798604473814314674n,
                },
                Map {
                  "bytes" => "7a43",
                },
              ],
            },
          },
          "scripts": Array [
            Object {
              "__type": "native",
              "keyHash": "b5ae663aaea8e500157bdf4baafd6f5ba0ce5759f7cd4101fc132f54",
              "kind": 0,
            },
            Object {
              "__type": "native",
              "keyHash": "a646474b8f5431261506b6c273d307c7569a4eb6c96b42dd4a29520a",
              "kind": 0,
            },
            Object {
              "__type": "native",
              "kind": 1,
              "scripts": Array [
                Object {
                  "__type": "native",
                  "kind": 2,
                  "scripts": Array [],
                },
                Object {
                  "__type": "native",
                  "keyHash": "58e1b65718531b42494610c506cef10ff031fa817a8ff75c0ab180e7",
                  "kind": 0,
                },
                Object {
                  "__type": "native",
                  "kind": 2,
                  "scripts": Array [
                    Object {
                      "__type": "native",
                      "kind": 5,
                      "slot": 15272,
                    },
                  ],
                },
                Object {
                  "__type": "native",
                  "kind": 4,
                  "slot": 44521,
                },
                Object {
                  "__type": "native",
                  "kind": 4,
                  "slot": 91998,
                },
              ],
            },
          ],
        },
        "hash": "ee155ace9c40292074cb6aff8c9ccdd273c81648ff1149ef36bcea6ebb8a3e25",
      },
      "body": Object {
        "certificates": Array [],
        "collaterals": undefined,
        "fee": 724n,
        "inputs": Array [
          Object {
            "index": 2,
            "txId": "03170a2e7597b7b7e3d84c05391d139a62b157e78786d8c082f29dcf4c111314",
          },
        ],
        "mint": undefined,
        "outputs": Array [],
        "requiredExtraSignatures": undefined,
        "scriptIntegrityHash": undefined,
        "validityInterval": Object {
          "invalidBefore": undefined,
          "invalidHereafter": 79985,
        },
        "withdrawals": Array [],
      },
      "id": "8ba812bad0c356ec842365720acb4a4ea18f03d40b03ad1cc785426170d542f5",
      "witness": Object {
        "bootstrap": Array [
          Object {
            "addressAttributes": "Sn5kyQ==",
            "chainCode": "beba7627",
            "key": "e731d1871cc922f6dac49e3130c03fdd706c565e2c9d64c02b6e5a9a5239ba67",
            "signature": "6f737771796d78737765796e6377626864696e7a677967686163647365616a756d756f747474796f68696275626e6374747a6e65756b67676c6d6a766975696f",
          },
          Object {
            "addressAttributes": "dFA=",
            "chainCode": undefined,
            "key": "f0f5ffa432e7936e1f47092aa805ad34f198bd2b00bafb1950b41dc864b47874",
            "signature": "6975736274637a77706a69617a61696f6a62796a64787364666a746979686976676a78657872776765717763666f6c6661766279626f74766579626d656b6f6c",
          },
          Object {
            "addressAttributes": undefined,
            "chainCode": "06777003",
            "key": "501d21a038832a37d1d1cec177697adb498954e3fa4315498108c9ca48d0e51b",
            "signature": "10f6d6cd30b46e5eee1abf97c67cf426e2376ac410945c101823f3b3b289fea4229ae524993f3755cbf3ae69949272c4613a033ab525f7d65a0fc8569f5f9578",
          },
          Object {
            "addressAttributes": "Mw==",
            "chainCode": "82",
            "key": "b99abe31700f07caa60b1ac6f7f55f00e5c926dea06c02451a88eefe9e81a2fa",
            "signature": "646f736e7a6a69767469656b6c6b75746662687572707762636a616c7463657769616c6a75746573616f7461617a6d7a7576707562716561757471626e6f7465",
          },
          Object {
            "addressAttributes": "LA==",
            "chainCode": "cc",
            "key": "cfb0a988516364010755fe4b00982dd37cc678fad4fe67bbf7b8ff85af2da478",
            "signature": "c0c3181155255a3fa7af837fd91a599a1c5434381e6a38239b2660f22bc7b37882df576c807bbd385275b56647c706b24fc9d6b520083c4f865bd4f4b6b16079",
          },
        ],
        "datums": undefined,
        "redeemers": undefined,
        "scripts": Array [],
        "signatures": Map {
          "0c6be66a669a7e598d49bac208a3760f702ed2f59369f4efbf4bef3e25a99428" => "52839a987d9d301a0fe1319f2c2b47fdef94796b67400ac61752708934c4ff6378a5d0bc6803fea63f5073e9a7f830eb3f4f8631ad8e10fe63f8eb19eae3caf1",
          "88d69c23b54b27f253aa51971458bd21b5d700a91f02fea2373bf76e69d33ac1" => "b7a3e4bbf2435b31b7546f7e2173b48a241600f2533c6214518b24f6bf8dcdd7a359ebc91ae5cee218b423b9beaa1251aec6a7fca46661823b8faec73e1eb982",
        },
      },
    },
  ],
  "fees": 724n,
  "header": Object {
    "blockNo": 13,
    "hash": "bb30a42c1e62f0afda5f0a4e8a562f7a13a24cea00ee81917b86b89e801314aa",
    "slot": 9,
  },
  "issuerVk": "60337a64656bf2646f66c90ab4a546bbf3c3f5f8f00bf06fcc1d9f7d01d924f6",
  "previousBlock": "bb30a42c1e62f0afda5f0a4e8a562f7a13a24cea00ee81917b86b89e801314aa",
  "size": 503,
  "totalOutput": 0n,
  "txCount": 1,
  "vrf": "vrf_vk1njzx6395znzy6p7ene2dqw7y77rq4zfaepyw2v6megqnuhepmfgqkg07xz",
}
`;

exports[`ogmiosToCore block can translate from alonzo block 1`] = `
Object {
  "body": Array [
    Object {
      "auxiliaryData": Object {
        "body": Object {
          "blob": Map {
            674n => Map {
              "map" => Array [
                Map {
                  "k" => Map {
                    "string" => "msg",
                  },
                  "v" => Map {
                    "list" => Array [
                      Map {
                        "string" => "Auto-Loop-Transaction #338666 by ATADA",
                      },
                      Map {
                        "string" => "",
                      },
                      Map {
                        "string" => "Live Epoch 16, we have 061h 17m 32s left until the next one",
                      },
                      Map {
                        "string" => "It's Montag - 22 August 2022 - 12:42:28 in Austria",
                      },
                      Map {
                        "string" => "",
                      },
                      Map {
                        "string" => "📈 The current ADA Price on Kraken is: $0.451502 / ADA",
                      },
                      Map {
                        "string" => "",
                      },
                      Map {
                        "string" => "A random Zen-Quote for you: 🙏",
                      },
                      Map {
                        "string" => "There are three classes of people: those who see. Those who see",
                      },
                      Map {
                        "string" => "when they are shown. Those who do not see. - Leonardo da Vinci",
                      },
                      Map {
                        "string" => "",
                      },
                      Map {
                        "string" => "Node-Revision: 950c4e222086fed5ca53564e642434ce9307b0b9",
                      },
                      Map {
                        "string" => "",
                      },
                      Map {
                        "string" => "PreProd-Chain is awesome, have some fun! 😍",
                      },
                      Map {
                        "string" => " Best regards, Martin :-)",
                      },
                    ],
                  },
                },
              ],
            },
          },
          "scripts": Array [],
        },
        "hash": "0ad6d4a6e10182157142994b2cce2aebee9406e3e2be31bfb1574ed2409a71dc",
      },
      "body": Object {
        "certificates": Array [
          Object {
            "__typename": "StakeDelegationCertificate",
            "poolId": "pool15erywju02scjv9gxkmp885c8catf5n4ke9459h2299fq57u9c3e",
            "stakeKeyHash": "f2f6381fa7a3dcc144939b47dffb7dad677856dfbbee4c4b7e426049",
          },
          Object {
            "__typename": "StakeKeyDeregistrationCertificate",
            "stakeKeyHash": "f2f6381fa7a3dcc144939b47dffb7dad677856dfbbee4c4b7e426049",
          },
          Object {
            "__typename": "PoolRetirementCertificate",
            "epoch": 123,
            "poolId": "pool15erywju02scjv9gxkmp885c8catf5n4ke9459h2299fq57u9c3e",
          },
          Object {
            "__typename": "GenesisKeyDelegationCertificate",
            "genesisDelegateHash": "e0a714319812c3f773ba04ec5d6b3ffcd5aad85006805b047b082541",
            "genesisHash": "b16b56f5ec064be6ac3cab6035efae86b366cc3dc4a0d571603d70e5",
            "vrfKeyHash": "95c3003a78585e0db8c9496f6deef4de0ff000994b8534cd66d4fe96bb21ddd3",
          },
        ],
        "collaterals": Array [],
        "fee": 202549n,
        "inputs": Array [
          Object {
            "index": 0,
            "txId": "1a3380c51384d151b876de02b7a4c5ca7eda7b1d1d744660aee4647516fd9a81",
          },
          Object {
            "index": 1,
            "txId": "1a3380c51384d151b876de02b7a4c5ca7eda7b1d1d744660aee4647516fd9a81",
          },
        ],
        "mint": Map {},
        "outputs": Array [
          Object {
            "address": "addr_test1vpfwv0ezc5g8a4mkku8hhy3y3vp92t7s3ul8g778g5yegsgalc6gc",
            "datum": undefined,
            "datumHash": undefined,
            "scriptReference": undefined,
            "value": Object {
              "assets": Map {},
              "coins": 999978n,
            },
          },
          Object {
            "address": "addr_test1vpfwv0ezc5g8a4mkku8hhy3y3vp92t7s3ul8g778g5yegsgalc6gc",
            "datum": undefined,
            "datumHash": undefined,
            "scriptReference": undefined,
            "value": Object {
              "assets": Map {},
              "coins": 8286924731n,
            },
          },
        ],
        "requiredExtraSignatures": Array [],
        "scriptIntegrityHash": undefined,
        "validityInterval": Object {
          "invalidBefore": undefined,
          "invalidHereafter": 5581748,
        },
        "withdrawals": Array [],
      },
      "id": "bb81604e09c4530ad02de6b80a0c13d82949fb307402dd0c2b447e211bdc621d",
      "witness": Object {
        "bootstrap": Array [],
        "datums": Array [],
        "redeemers": Array [],
        "scripts": Array [],
        "signatures": Map {
          "742d8af3543349b5b18f3cba28f23b2d6e465b9c136c42e1fae6b2390f565427" => "484d0c242bc240163a1ac84568fbf870d83cfff72c2532c2acb51d12a222ba6e7b6333c88123ee6e04ca78c3c61c2d5932ea2062c59093a95fcc4c35c3413206",
        },
      },
    },
  ],
  "fees": 202549n,
  "header": Object {
    "blockNo": 100000,
    "hash": "514f8be63ef25c46bee47a90658977f815919c06222c0b480be1e29efbd72c49",
    "slot": 5481752,
  },
  "issuerVk": "a9d974fd26bfaf385749113f260271430276bed6ef4dad6968535de6778471ce",
  "previousBlock": "518a24a3fb0cc6ee1a31668a63994e4dbda70ede5ff13be494a3b4c1bb7709c8",
  "size": 836,
  "totalOutput": 8287924709n,
  "txCount": 1,
  "vrf": "vrf_vk1p8s5ysf7dgsvfrw0p0q7zczdytkxc95zsq3p9sfshk9s3z86jfdql5fdft",
}
`;

exports[`ogmiosToCore block can translate from babbage block 1`] = `
Object {
  "body": Array [
    Object {
      "auxiliaryData": Object {
        "body": Object {
          "blob": Map {
            2n => Map {
              "string" => "",
            },
          },
          "scripts": Array [
            Object {
              "__type": "native",
              "kind": 4,
              "slot": 63725,
            },
          ],
        },
        "hash": "bb30a42c1e62f0afda5f0a4e8a562f7a13a24cea00ee81917b86b89e801314aa",
      },
      "body": Object {
        "certificates": Array [
          Object {
            "__typename": "MirCertificate",
            "pot": "reserve",
            "quantity": 712n,
          },
          Object {
            "__typename": "PoolRegistrationCertificate",
            "poolParameters": Object {
              "cost": 290n,
              "id": "pool1kkhxvw4w4rjsq9tmma964lt0twsvu46e7lx5zq0uzvh4ge9n0hc",
              "margin": Object {
                "denominator": 2,
                "numerator": 1,
              },
              "metadataJson": Object {
                "hash": "2738e2233800ab7f82bd2212a9a55f52d4851f9147f161684c63e6655bedb562",
                "url": "https://public.bladepool.com/metadata.json",
              },
              "owners": Array [],
              "pledge": 229n,
              "relays": Array [
                Object {
                  "__typename": "RelayByAddress",
                  "ipv4": "192.0.2.1",
                  "ipv6": "2001:db8::1",
                  "port": undefined,
                },
                Object {
                  "__typename": "RelayByName",
                  "hostname": "foo.example.com",
                  "port": undefined,
                },
              ],
              "rewardAccount": "stake_test1urs2w9p3nqfv8amnhgzwchtt8l7dt2kc2qrgqkcy0vyz2sgcp89zz",
              "vrf": "ee155ace9c40292074cb6aff8c9ccdd273c81648ff1149ef36bcea6ebb8a3e25",
            },
          },
        ],
        "collaterals": Array [
          Object {
            "index": 2,
            "txId": "0268be9dbd0446eaa217e1dec8f399249305e551d7fc1437dd84521f74aa621c",
          },
        ],
        "fee": 58n,
        "inputs": Array [],
        "mint": Map {
          "0d94e174732ef9aae73f395ab44507bfa983d65023c11a951f0c32e4" => -1n,
          "1d94e174732ef9aae73f395ab44507bfa983d65023c11a951f0c32e4" => 2n,
        },
        "outputs": Array [
          Object {
            "address": "addr1vxnyv36t3a2rzfs4q6mvyu7nqlr4dxjwkmykkskafg54yzsv3uzfs",
            "datum": undefined,
            "datumHash": "0f3abbc8fc19c2e61bab6059bf8a466e6e754833a08a62a6c56fe0e78f19d9d5",
            "scriptReference": Object {
              "__type": "plutus",
              "bytes": "46010000220011",
              "version": 1,
            },
            "value": Object {
              "assets": Map {},
              "coins": 2n,
            },
          },
          Object {
            "address": "addr1vxnyv36t3a2rzfs4q6mvyu7nqlr4dxjwkmykkskafg54yzsv3uzfs",
            "datum": "187b",
            "datumHash": undefined,
            "scriptReference": Object {
              "__type": "plutus",
              "bytes": "46010000220011",
              "version": 1,
            },
            "value": Object {
              "assets": Map {},
              "coins": 3n,
            },
          },
        ],
        "requiredExtraSignatures": Array [
          "0d94e174732ef9aae73f395ab44507bfa983d65023c11a951f0c32e4",
          "a646474b8f5431261506b6c273d307c7569a4eb6c96b42dd4a29520a",
        ],
        "scriptIntegrityHash": undefined,
        "validityInterval": Object {
          "invalidBefore": 78202,
          "invalidHereafter": undefined,
        },
        "withdrawals": Array [
          Object {
            "quantity": 724n,
            "stakeAddress": "stake1uxnyv36t3a2rzfs4q6mvyu7nqlr4dxjwkmykkskafg54yzssmuy4z",
          },
        ],
      },
      "id": "c32a4a4f5a4b540d4f79730ca0c658d9a8400be2173e0ba1dc8471004c1cb0db",
      "witness": Object {
        "bootstrap": Array [
          Object {
            "addressAttributes": undefined,
            "chainCode": "4d",
            "key": "de46fb9f52d8a229e3cedc60002564a3d23309dbf21dfaabd38485c4538419b2",
            "signature": "3f6d08a1b7ab7818a78be8d48ea828b0e9976258a4ca38157f628fe4de1f326a4ef403c40d0348864de77259be9a5c606af20b29ebe7f6aeb594ac40177728aa",
          },
          Object {
            "addressAttributes": "mQ==",
            "chainCode": "20",
            "key": "fc1a29ed3f0a4c1a4036298831ce117a23b6b714abba83d0a093d0839e193c39",
            "signature": "3f1984ded5b35198bcfceaa4d5f44b26cb8e6aa59cde74e578b06f9351bdb17563162374f199980423e52dde6c8b7e42bf4ca120ddbf557241b9a59b730809fe",
          },
        ],
        "datums": Array [],
        "redeemers": Array [
          Object {
            "data": "a34160029f20a3419c204386a48244e21bd936202004a0ffa3a4435aed90040242b07a210523409f414d429b3f0440ffa09f034001ffa222234041b4d8668218da9f2341440302413eff4204e1a1d866821901939f23ffa0",
            "executionUnits": Object {
              "memory": 6026711518256058000,
              "steps": 4749668747002319000,
            },
            "index": 0,
            "purpose": "spend",
          },
        ],
        "scripts": Array [
          Object {
            "__type": "plutus",
            "bytes": "46010000220011",
            "version": 0,
          },
        ],
        "signatures": Map {
          "679b8abd1379729475da1c530dda8dc1bf9177eceae449a0a15e4f16f45399be" => "a3e2a2c4478afe7cd734fa593ce33f06841255656dc31d3acff48884ce9478d56314dd6ba8728de417413a798ab6e87f685fb917f8300b397728f08631c16e39",
          "238287f3ea9a746513acbee2aeb1e980d9feead29bf8157b7756437ffbe8ee5b" => "1e639773425c0cfa6376d7326500efc574d9b87afba2296a4e12157ad83176ce7300600a921bed6087600b3a118ea905746a62cfe90649ea2aa00f46142aad7b",
        },
      },
    },
  ],
  "fees": 58n,
  "header": Object {
    "blockNo": 4,
    "hash": "ee155ace9c40292074cb6aff8c9ccdd273c81648ff1149ef36bcea6ebb8a3e25",
    "slot": 6,
  },
  "issuerVk": "f6cc957f17046ce6de24c81d08e9381608ed1acc083284916252f76f65643eae",
  "previousBlock": undefined,
  "size": 2,
  "totalOutput": 5n,
  "txCount": 1,
  "vrf": "vrf_vk1mdx46ssmatqxlp4uedjxlnvepts5l6kh20m2a6mtzu0ycnsergpq6653ra",
}
`;

exports[`ogmiosToCore block can translate from byron block 1`] = `
Object {
  "body": Array [],
  "fees": undefined,
  "header": Object {
    "blockNo": 42,
    "hash": "5c3103bd0ff5ea85a62b202a1d2500cf3ebe0b9d793ed09e7febfe27ef12c968",
    "slot": 77761,
  },
  "issuerVk": undefined,
  "previousBlock": "dd8d7559a9b6c1177c0f5a328eb82967af68155d58cbcdc0a59de39a38aaf3f0",
  "size": undefined,
  "totalOutput": 0n,
  "txCount": 0,
  "vrf": undefined,
}
`;

exports[`ogmiosToCore block can translate from mary block 1`] = `
Object {
  "body": Array [
    Object {
      "auxiliaryData": undefined,
      "body": Object {
        "certificates": Array [
          Object {
            "__typename": "StakeKeyRegistrationCertificate",
            "stakeKeyHash": "b5ae663aaea8e500157bdf4baafd6f5ba0ce5759f7cd4101fc132f54",
          },
          Object {
            "__typename": "GenesisKeyDelegationCertificate",
            "genesisDelegateHash": "a646474b8f5431261506b6c273d307c7569a4eb6c96b42dd4a29520a",
            "genesisHash": "0d94e174732ef9aae73f395ab44507bfa983d65023c11a951f0c32e4",
            "vrfKeyHash": "03170a2e7597b7b7e3d84c05391d139a62b157e78786d8c082f29dcf4c111314",
          },
        ],
        "collaterals": undefined,
        "fee": 125n,
        "inputs": Array [
          Object {
            "index": 0,
            "txId": "0268be9dbd0446eaa217e1dec8f399249305e551d7fc1437dd84521f74aa621c",
          },
        ],
        "mint": Map {
          "a646474b8f5431261506b6c273d307c7569a4eb6c96b42dd4a29520a" => -1n,
        },
        "outputs": Array [
          Object {
            "address": "EqGAuA8vHnNpWh2vRvJSVMGRnu1r5SnDHJMQcHB1vbMSvMxgA8qwpMpsRJeSk2KaTZgJRTKwgDrLNaCQFVK1WisAZLVQ5oXZT6dqLDHDryZAkgwgZqf6S8x",
            "datum": undefined,
            "datumHash": undefined,
            "scriptReference": undefined,
            "value": Object {
              "assets": Map {},
              "coins": 2n,
            },
          },
        ],
        "requiredExtraSignatures": undefined,
        "scriptIntegrityHash": undefined,
        "validityInterval": Object {
          "invalidBefore": 30892,
          "invalidHereafter": undefined,
        },
        "withdrawals": Array [
          Object {
            "quantity": 157n,
            "stakeAddress": "stake1uyxefct5wvh0n2h88uu44dz9q7l6nq7k2q3uzx54ruxr9eq8cjal2",
          },
        ],
      },
      "id": "f138917a172058f68c93de999592c5fb7cafc9265add9723eb2e8b9c12654654",
      "witness": Object {
        "bootstrap": Array [
          Object {
            "addressAttributes": "/0dj0Q==",
            "chainCode": "57d7",
            "key": "35d259ed3ad32bda47b0bf2a4f049440f7c298e1c6919518b55cc75e26b06716",
            "signature": "7169796f776a6c6875646f6768636d6270737a62626861696166747671626c6b7a7a6b6a65616272657a796563726e76746c6978776b6d776f6174706b647262",
          },
          Object {
            "addressAttributes": "GJoe",
            "chainCode": undefined,
            "key": "ba1f868037ad35194f719fe964af14509cbf9f611a155a9d1a52aded9ab4ae02",
            "signature": "290e11ae5da97c332b40aa5f9e649a42e65fa606d21735a58446443d88161c3e2f35d0302a30e1f0455ebd3dbcee12130899efea5c9db7b3d6a17f493d3304d6",
          },
          Object {
            "addressAttributes": "+w==",
            "chainCode": "336f",
            "key": "035d0c6528fc5cf842615c5b32fa031b4a3999e9c9bc6c4435bece5bd3cffde5",
            "signature": "61696e6e707579616a6c6b64747a77656d6178777a6964726d666c706c71797a78646b756579716a736d7170776b77646f7a706372676570697577746e687867",
          },
        ],
        "datums": undefined,
        "redeemers": undefined,
        "scripts": Array [
          Object {
            "__type": "native",
            "kind": 2,
            "scripts": Array [
              Object {
                "__type": "native",
                "kind": 5,
                "slot": 14448,
              },
              Object {
                "__type": "native",
                "kind": 5,
                "slot": 89513,
              },
              Object {
                "__type": "native",
                "kind": 3,
                "required": 0,
                "scripts": Array [],
              },
            ],
          },
        ],
        "signatures": Map {},
      },
    },
    Object {
      "auxiliaryData": Object {
        "body": Object {
          "blob": Map {
            1n => Map {
              "int" => -16613019303347710699n,
            },
            2n => Map {
              "bytes" => "6573",
            },
          },
          "scripts": Array [],
        },
        "hash": "ae85d245a3d00bfde01f59f3c4fe0b4bfae1cb37e9cf91929eadcea4985711de",
      },
      "body": Object {
        "certificates": Array [
          Object {
            "__typename": "PoolRegistrationCertificate",
            "poolParameters": Object {
              "cost": 810n,
              "id": "pool15erywju02scjv9gxkmp885c8catf5n4ke9459h2299fq57u9c3e",
              "margin": Object {
                "denominator": 1,
                "numerator": 0,
              },
              "metadataJson": undefined,
              "owners": Array [
                "stake_test1uq659t9n5excps5nqgnq6ckrhpa8g2k3f2lc2h4uvuess8sr44gva",
              ],
              "pledge": 525n,
              "relays": Array [],
              "rewardAccount": "stake_test1uz66ue36465w2qq40005h2hadad6pnjht8mu6sgplsfj74q9f9d7l",
              "vrf": "bb30a42c1e62f0afda5f0a4e8a562f7a13a24cea00ee81917b86b89e801314aa",
            },
          },
        ],
        "collaterals": undefined,
        "fee": 720n,
        "inputs": Array [
          Object {
            "index": 0,
            "txId": "0268be9dbd0446eaa217e1dec8f399249305e551d7fc1437dd84521f74aa621c",
          },
          Object {
            "index": 0,
            "txId": "ee155ace9c40292074cb6aff8c9ccdd273c81648ff1149ef36bcea6ebb8a3e25",
          },
        ],
        "mint": Map {
          "0d94e174732ef9aae73f395ab44507bfa983d65023c11a951f0c32e4" => 1n,
        },
        "outputs": Array [
          Object {
            "address": "addr_test1grs2w9p3nqfv8amnhgzwchtt8l7dt2kc2qrgqkcy0vyz2sgqqqqs2wje25",
            "datum": undefined,
            "datumHash": undefined,
            "scriptReference": undefined,
            "value": Object {
              "assets": Map {
                "0d94e174732ef9aae73f395ab44507bfa983d65023c11a951f0c32e4" => 2n,
              },
              "coins": 2n,
            },
          },
          Object {
            "address": "addr1g8s2w9p3nqfv8amnhgzwchtt8l7dt2kc2qrgqkcy0vyz2sgqqqqqx8489p",
            "datum": undefined,
            "datumHash": undefined,
            "scriptReference": undefined,
            "value": Object {
              "assets": Map {
                "e0a714319812c3f773ba04ec5d6b3ffcd5aad85006805b047b082541" => 2n,
              },
              "coins": 1n,
            },
          },
        ],
        "requiredExtraSignatures": undefined,
        "scriptIntegrityHash": undefined,
        "validityInterval": Object {
          "invalidBefore": undefined,
          "invalidHereafter": 83856,
        },
        "withdrawals": Array [
          Object {
            "quantity": 608n,
            "stakeAddress": "stake_test17z66ue36465w2qq40005h2hadad6pnjht8mu6sgplsfj74qvpedfl",
          },
          Object {
            "quantity": 324n,
            "stakeAddress": "stake17x66ue36465w2qq40005h2hadad6pnjht8mu6sgplsfj74qttn0dz",
          },
        ],
      },
      "id": "77c4a3c21573c57f0599499bc780de457c35c1d95bfb7e2370d3328b49327117",
      "witness": Object {
        "bootstrap": Array [],
        "datums": undefined,
        "redeemers": undefined,
        "scripts": Array [
          Object {
            "__type": "native",
            "keyHash": "4acf2773917c7b547c576a7ff110d2ba5733c1f1ca9cdc659aea3a56",
            "kind": 0,
          },
          Object {
            "__type": "native",
            "kind": 1,
            "scripts": Array [
              Object {
                "__type": "native",
                "keyHash": "bd039f956f4b302f3ab6fc7c4bac3350a540f44af81a8492194dd2c2",
                "kind": 0,
              },
              Object {
                "__type": "native",
                "kind": 2,
                "scripts": Array [
                  Object {
                    "__type": "native",
                    "kind": 5,
                    "slot": 14145,
                  },
                  Object {
                    "__type": "native",
                    "keyHash": "b16b56f5ec064be6ac3cab6035efae86b366cc3dc4a0d571603d70e5",
                    "kind": 0,
                  },
                  Object {
                    "__type": "native",
                    "keyHash": "a646474b8f5431261506b6c273d307c7569a4eb6c96b42dd4a29520a",
                    "kind": 0,
                  },
                  Object {
                    "__type": "native",
                    "keyHash": "58e1b65718531b42494610c506cef10ff031fa817a8ff75c0ab180e7",
                    "kind": 0,
                  },
                  Object {
                    "__type": "native",
                    "kind": 4,
                    "slot": 70503,
                  },
                ],
              },
              Object {
                "__type": "native",
                "kind": 3,
                "required": 0,
                "scripts": Array [
                  Object {
                    "__type": "native",
                    "kind": 1,
                    "scripts": Array [
                      Object {
                        "__type": "native",
                        "keyHash": "a646474b8f5431261506b6c273d307c7569a4eb6c96b42dd4a29520a",
                        "kind": 0,
                      },
                      Object {
                        "__type": "native",
                        "keyHash": "76e607db2a31c9a2c32761d2431a186a550cc321f79cd8d6a82b29b8",
                        "kind": 0,
                      },
                      Object {
                        "__type": "native",
                        "keyHash": "e0a714319812c3f773ba04ec5d6b3ffcd5aad85006805b047b082541",
                        "kind": 0,
                      },
                      Object {
                        "__type": "native",
                        "keyHash": "b5ae663aaea8e500157bdf4baafd6f5ba0ce5759f7cd4101fc132f54",
                        "kind": 0,
                      },
                    ],
                  },
                  Object {
                    "__type": "native",
                    "kind": 3,
                    "required": 2,
                    "scripts": Array [
                      Object {
                        "__type": "native",
                        "keyHash": "e0a714319812c3f773ba04ec5d6b3ffcd5aad85006805b047b082541",
                        "kind": 0,
                      },
                      Object {
                        "__type": "native",
                        "keyHash": "e0a714319812c3f773ba04ec5d6b3ffcd5aad85006805b047b082541",
                        "kind": 0,
                      },
                      Object {
                        "__type": "native",
                        "keyHash": "0d94e174732ef9aae73f395ab44507bfa983d65023c11a951f0c32e4",
                        "kind": 0,
                      },
                      Object {
                        "__type": "native",
                        "keyHash": "3542acb3a64d80c29302260d62c3b87a742ad14abf855ebc6733081e",
                        "kind": 0,
                      },
                      Object {
                        "__type": "native",
                        "keyHash": "65fc709a5e019b8aba76f6977c1c8770e4b36fa76f434efc588747b7",
                        "kind": 0,
                      },
                    ],
                  },
                ],
              },
            ],
          },
          Object {
            "__type": "native",
            "keyHash": "0d94e174732ef9aae73f395ab44507bfa983d65023c11a951f0c32e4",
            "kind": 0,
          },
        ],
        "signatures": Map {
          "19cfd01741992858afaa1a8b99f2622738b4c03a68b9283027640b943181c4b6" => "9662f9fa099756d8c387463e74b863bd497ae22553751b70d2048ded7edd250711f3b4f27ba64a08d036934bac955acba2a99a89c31d0103ae85a48d95c5b337",
          "97ba85b5beadd03c8ab7ea260a53f73cd47b87d9c2ef62b98f9bd23934bff852" => "8434465f8f816306f37728c24efb34956470c5a423503238068752aad2c2bec590c1d6a04a74e1f1b92dcdf887c8adf0eb68cfbc6b985e06c2b8c13833df0453",
          "b005f0e09760c2371b7cc8d6a8b67dd0ba09f71f2febdc9cd794251f18567329" => "56362fa4e48645306b80a92e77e3a9d9b1596bf29d1456bdb166852548c16ccd68dcf07b6be086118361cd448b685b63a4f14aefcb747880065eddbb6d5393c7",
        },
      },
    },
  ],
  "fees": 845n,
  "header": Object {
    "blockNo": 20,
    "hash": "ee155ace9c40292074cb6aff8c9ccdd273c81648ff1149ef36bcea6ebb8a3e25",
    "slot": 3,
  },
  "issuerVk": "60337a64656bf2646f66c90ab4a546bbf3c3f5f8f00bf06fcc1d9f7d01d924f6",
  "previousBlock": "ae85d245a3d00bfde01f59f3c4fe0b4bfae1cb37e9cf91929eadcea4985711de",
  "size": 243,
  "totalOutput": 5n,
  "txCount": 2,
  "vrf": "vrf_vk1njzx6395znzy6p7ene2dqw7y77rq4zfaepyw2v6megqnuhepmfgqkg07xz",
}
`;

exports[`ogmiosToCore block can translate from shelley block 1`] = `
Object {
  "body": Array [],
  "fees": 0n,
  "header": Object {
    "blockNo": 1087,
    "hash": "071fceb6c20a412b9a9b57baedfe294e3cd9de641cd44c4cf8d0d56217e083ac",
    "slot": 107220,
  },
  "issuerVk": "8b0960d234bda67d52432c5d1a26aca2bfb5b9a09f966d9592a7bf0c728a1ecd",
  "previousBlock": "8d5d930981710fc8c6ca9fc8e0628665283f7efb28c7e6bddeee2d289f012dee",
  "size": 3,
  "totalOutput": 0n,
  "txCount": 0,
  "vrf": "vrf_vk15c2edf9h66wllthgvyttzhzwrngq0rvd0wchzqlw8qray60fq5usfngf29",
}
`;
